// Jest Snapshot v1, https://goo.gl/fbAQLP

exports[`change password page should match snapshot 1`] = `
<div
  className="css-4lqwvq"
>
  <h2
    className="chakra-heading css-0"
  >
    Change Password
  </h2>
  <div
    className="chakra-input__group css-16gncx0"
  >
    <div
      className="chakra-input__left-addon css-1lhl5nw"
    >
      previous password
    </div>
    <input
      className="chakra-input css-fu3wfu"
      data-testid="previous"
      onBlur={[Function]}
      onChange={[Function]}
      onFocus={[Function]}
      placeholder="previous password"
      type="text"
      value=""
    />
  </div>
  <div
    className="chakra-input__group css-16gncx0"
  >
    <div
      className="chakra-input__left-addon css-1lhl5nw"
    >
      New password
    </div>
    <input
      className="chakra-input css-fu3wfu"
      data-testid="new"
      onBlur={[Function]}
      onChange={[Function]}
      onFocus={[Function]}
      placeholder="New password"
      type="text"
      value=""
    />
  </div>
  <button
    className="chakra-button css-1pfig87"
    data-testid="submit"
    onClick={[Function]}
    type="button"
  >
    Submit
  </button>
</div>
`;
