// Jest Snapshot v1, https://goo.gl/fbAQLP

exports[`landing page testing should match snapshot 1`] = `
Array [
  <div
    className="css-1fa0b3s"
  >
    <h2
      className="chakra-heading css-0"
    >
      Smart Travel Guide
    </h2>
  </div>,
  <div
    className="css-bwo6m3"
  >
    <div
      className="css-1isr26x"
    >
      <div
        className="css-9n79ux"
      >
        <div
          className="css-npyuxz"
        >
          <p
            className="chakra-text css-ua73ok"
          >
            1
             / 
            5
          </p>
          <img
            className="chakra-image__placeholder css-dvy6tp"
          />
          <div
            className="chakra-stack css-1dgde0y"
          >
            <p
              className="chakra-text css-1n49pl7"
            >
              First Slide
            </p>
            <p
              className="chakra-text css-1ezsviu"
            >
              Nulla vitae elit libero, a pharetra augue mollis interdum.
            </p>
          </div>
        </div>
        <div
          className="css-npyuxz"
        >
          <p
            className="chakra-text css-ua73ok"
          >
            2
             / 
            5
          </p>
          <img
            className="chakra-image__placeholder css-dvy6tp"
          />
          <div
            className="chakra-stack css-1dgde0y"
          >
            <p
              className="chakra-text css-1n49pl7"
            >
              Second Slide
            </p>
            <p
              className="chakra-text css-1ezsviu"
            >
              Lorem ipsum dolor sit amet, consectetur adipiscing elit.
            </p>
          </div>
        </div>
        <div
          className="css-npyuxz"
        >
          <p
            className="chakra-text css-ua73ok"
          >
            3
             / 
            5
          </p>
          <img
            className="chakra-image__placeholder css-dvy6tp"
          />
          <div
            className="chakra-stack css-1dgde0y"
          >
            <p
              className="chakra-text css-1n49pl7"
            >
              Third Slide
            </p>
            <p
              className="chakra-text css-1ezsviu"
            >
              Praesent commodo cursus magna, vel scelerisque nisl consectetur.
            </p>
          </div>
        </div>
        <div
          className="css-npyuxz"
        >
          <p
            className="chakra-text css-ua73ok"
          >
            4
             / 
            5
          </p>
          <img
            className="chakra-image__placeholder css-dvy6tp"
          />
          <div
            className="chakra-stack css-1dgde0y"
          >
            <p
              className="chakra-text css-1n49pl7"
            >
              Fourth Slide
            </p>
            <p
              className="chakra-text css-1ezsviu"
            >
              Nulla vitae elit libero, a pharetra augue mollis interdum.
            </p>
          </div>
        </div>
        <div
          className="css-npyuxz"
        >
          <p
            className="chakra-text css-ua73ok"
          >
            5
             / 
            5
          </p>
          <img
            className="chakra-image__placeholder css-dvy6tp"
          />
          <div
            className="chakra-stack css-1dgde0y"
          >
            <p
              className="chakra-text css-1n49pl7"
            >
              Fifth Slide
            </p>
            <p
              className="chakra-text css-1ezsviu"
            >
              Lorem ipsum dolor sit amet, consectetur adipiscing elit.
            </p>
          </div>
        </div>
      </div>
      <p
        className="chakra-text css-17u2f2h"
        onClick={[Function]}
      >
        ❮
      </p>
      <p
        className="chakra-text css-mgm7jj"
        onClick={[Function]}
      >
        ❯
      </p>
      <div
        className="chakra-stack css-h6jxhj"
      >
        <div
          className="css-1c3wgu6"
          onClick={[Function]}
        />
        <div
          className="css-k7jrlr"
          onClick={[Function]}
        />
        <div
          className="css-k7jrlr"
          onClick={[Function]}
        />
        <div
          className="css-k7jrlr"
          onClick={[Function]}
        />
        <div
          className="css-k7jrlr"
          onClick={[Function]}
        />
      </div>
    </div>
  </div>,
  <div
    className="css-q8g4pi"
  >
    <button
      className="chakra-button css-199l6li"
      type="button"
    >
      Download App form Here
      <span
        className="chakra-button__icon css-1hzyiq5"
      >
        <svg
          aria-hidden={true}
          className="chakra-icon css-onkibi"
          focusable={false}
          viewBox="0 0 24 24"
        >
          <path
            d="M12 4l-1.41 1.41L16.17 11H4v2h12.17l-5.58 5.59L12 20l8-8z"
            fill="currentColor"
          />
        </svg>
      </span>
    </button>
    <a
      href="/travelPlan"
      onClick={[Function]}
    >
      <button
        className="chakra-button css-3yn42t"
        type="button"
      >
        Vist our Web site
        <span
          className="chakra-button__icon css-1hzyiq5"
        >
          <svg
            aria-hidden={true}
            className="chakra-icon css-onkibi"
            focusable={false}
            viewBox="0 0 24 24"
          >
            <path
              d="M12 4l-1.41 1.41L16.17 11H4v2h12.17l-5.58 5.59L12 20l8-8z"
              fill="currentColor"
            />
          </svg>
        </span>
      </button>
    </a>
  </div>,
  <div
    className="css-dx7dn0"
  >
    <div
      className="chakra-stack css-owjkmg"
    >
      <div
        className="chakra-stack css-k7bpxb"
      >
        <div
          className="chakra-stack css-aju1p1"
        >
          <h3
            className="chakra-heading css-4g6ai3"
            onClick={[Function]}
          >
            About Us
          </h3>
          <h3
            className="chakra-heading css-4g6ai3"
            onClick={[Function]}
          >
            Contact Us
          </h3>
        </div>
        <hr
          aria-orientation="vertical"
          className="chakra-divider css-qj2fhx"
        />
        <div
          className="chakra-stack css-owjkmg"
        >
          <iframe
            allow="autoplay; clipboard-write; encrypted-media; picture-in-picture; web-share"
            allowfullscreen="true"
            frameborder="0"
            height="500"
            scrolling="no"
            src="https://www.facebook.com/plugins/page.php?href=https%3A%2F%2Fwww.facebook.com%2FWonderDiscoveryTravelSriLanka%2F&tabs=messages&width=340&height=500&small_header=false&adapt_container_width=true&hide_cover=false&show_facepile=true&appId"
            style={
              Object {
                "border": "none",
                "overflow": "hidden",
              }
            }
            width="340"
          />
                               
        </div>
      </div>
      <hr
        aria-orientation="horizontal"
        className="chakra-divider css-4wijg1"
      />
    </div>
  </div>,
  <div
    className="css-1c1g1qk"
  >
    <p
      className="chakra-text css-1lj023j"
    >
      @university of moratuwa 2021/09/27
    </p>
  </div>,
]
`;
