// Jest Snapshot v1, https://goo.gl/fbAQLP

exports[`provinces page test should match snapshot 1`] = `
<div
  className="css-18g7zcv"
>
  <div
    className="css-gmuwbf"
  >
    <h2
      className="chakra-heading css-1itv5e3"
    >
      
    </h2>
  </div>
  <img />
  <p
    className="chakra-text css-1r3p2d6"
  >
    
  </p>
</div>
`;
