// Jest Snapshot v1, https://goo.gl/fbAQLP

exports[`provinces page test should match snapshot 1`] = `
<div
  className="css-z650gx"
>
  <h2
    className="chakra-heading css-16shuow"
  >
    Sri Lanka's Provonces
  </h2>
  <table
    className="chakra-table css-1edas8p"
    role="table"
  >
    <caption
      className="css-18i7bby"
    >
      Imperial to metric conversion factors
    </caption>
    <thead
      className="css-0"
    >
      <tr
        className="css-0"
        role="row"
      >
        <th
          className="css-0"
        />
        <th
          className="css-0"
        >
          Name
        </th>
        <th
          className="css-0"
          data-is-numeric={true}
        >
          View
        </th>
      </tr>
    </thead>
    <tbody
      className="css-0"
    >
      <tr
        className="css-0"
        role="row"
      >
        <td
          className="css-0"
          role="gridcell"
        >
          1
        </td>
        <td
          className="css-0"
          role="gridcell"
        >
          Northern Province
        </td>
        <td
          className="css-0"
          data-is-numeric={true}
          role="gridcell"
        >
          <button
            className="chakra-button css-5c2176"
            type="button"
          >
            <a
              href="/travelPlan/province/p1"
              onClick={[Function]}
            >
              <svg
                className="chakra-icon css-onkibi"
                focusable={false}
                viewBox="0 0 24 24"
              >
                <g
                  fill="currentColor"
                >
                  <path
                    d="M23.432,10.524C20.787,7.614,16.4,4.538,12,4.6,7.6,4.537,3.213,7.615.568,10.524a2.211,2.211,0,0,0,0,2.948C3.182,16.351,7.507,19.4,11.839,19.4h.308c4.347,0,8.671-3.049,11.288-5.929A2.21,2.21,0,0,0,23.432,10.524ZM7.4,12A4.6,4.6,0,1,1,12,16.6,4.6,4.6,0,0,1,7.4,12Z"
                  />
                  <circle
                    cx="12"
                    cy="12"
                    r="2"
                  />
                </g>
              </svg>
            </a>
          </button>
        </td>
      </tr>
      <tr
        className="css-0"
        role="row"
      >
        <td
          className="css-0"
          role="gridcell"
        >
          2
        </td>
        <td
          className="css-0"
          role="gridcell"
        >
          North Western Province
        </td>
        <td
          className="css-0"
          data-is-numeric={true}
          role="gridcell"
        >
          <button
            className="chakra-button css-5c2176"
            type="button"
          >
            <a
              href="/travelPlan/province/p2"
              onClick={[Function]}
            >
              <svg
                className="chakra-icon css-onkibi"
                focusable={false}
                viewBox="0 0 24 24"
              >
                <g
                  fill="currentColor"
                >
                  <path
                    d="M23.432,10.524C20.787,7.614,16.4,4.538,12,4.6,7.6,4.537,3.213,7.615.568,10.524a2.211,2.211,0,0,0,0,2.948C3.182,16.351,7.507,19.4,11.839,19.4h.308c4.347,0,8.671-3.049,11.288-5.929A2.21,2.21,0,0,0,23.432,10.524ZM7.4,12A4.6,4.6,0,1,1,12,16.6,4.6,4.6,0,0,1,7.4,12Z"
                  />
                  <circle
                    cx="12"
                    cy="12"
                    r="2"
                  />
                </g>
              </svg>
            </a>
          </button>
        </td>
      </tr>
      <tr
        className="css-0"
        role="row"
      >
        <td
          className="css-0"
          role="gridcell"
        >
          3
        </td>
        <td
          className="css-0"
          role="gridcell"
        >
          Western Province
        </td>
        <td
          className="css-0"
          data-is-numeric={true}
          role="gridcell"
        >
          <button
            className="chakra-button css-5c2176"
            type="button"
          >
            <a
              href="/travelPlan/province/p3"
              onClick={[Function]}
            >
              <svg
                className="chakra-icon css-onkibi"
                focusable={false}
                viewBox="0 0 24 24"
              >
                <g
                  fill="currentColor"
                >
                  <path
                    d="M23.432,10.524C20.787,7.614,16.4,4.538,12,4.6,7.6,4.537,3.213,7.615.568,10.524a2.211,2.211,0,0,0,0,2.948C3.182,16.351,7.507,19.4,11.839,19.4h.308c4.347,0,8.671-3.049,11.288-5.929A2.21,2.21,0,0,0,23.432,10.524ZM7.4,12A4.6,4.6,0,1,1,12,16.6,4.6,4.6,0,0,1,7.4,12Z"
                  />
                  <circle
                    cx="12"
                    cy="12"
                    r="2"
                  />
                </g>
              </svg>
            </a>
          </button>
        </td>
      </tr>
      <tr
        className="css-0"
        role="row"
      >
        <td
          className="css-0"
          role="gridcell"
        >
          4
        </td>
        <td
          className="css-0"
          role="gridcell"
        >
          North Central Province
        </td>
        <td
          className="css-0"
          data-is-numeric={true}
          role="gridcell"
        >
          <button
            className="chakra-button css-5c2176"
            type="button"
          >
            <a
              href="/travelPlan/province/p4"
              onClick={[Function]}
            >
              <svg
                className="chakra-icon css-onkibi"
                focusable={false}
                viewBox="0 0 24 24"
              >
                <g
                  fill="currentColor"
                >
                  <path
                    d="M23.432,10.524C20.787,7.614,16.4,4.538,12,4.6,7.6,4.537,3.213,7.615.568,10.524a2.211,2.211,0,0,0,0,2.948C3.182,16.351,7.507,19.4,11.839,19.4h.308c4.347,0,8.671-3.049,11.288-5.929A2.21,2.21,0,0,0,23.432,10.524ZM7.4,12A4.6,4.6,0,1,1,12,16.6,4.6,4.6,0,0,1,7.4,12Z"
                  />
                  <circle
                    cx="12"
                    cy="12"
                    r="2"
                  />
                </g>
              </svg>
            </a>
          </button>
        </td>
      </tr>
      <tr
        className="css-0"
        role="row"
      >
        <td
          className="css-0"
          role="gridcell"
        >
          5
        </td>
        <td
          className="css-0"
          role="gridcell"
        >
          Central Province
        </td>
        <td
          className="css-0"
          data-is-numeric={true}
          role="gridcell"
        >
          <button
            className="chakra-button css-5c2176"
            type="button"
          >
            <a
              href="/travelPlan/province/p5"
              onClick={[Function]}
            >
              <svg
                className="chakra-icon css-onkibi"
                focusable={false}
                viewBox="0 0 24 24"
              >
                <g
                  fill="currentColor"
                >
                  <path
                    d="M23.432,10.524C20.787,7.614,16.4,4.538,12,4.6,7.6,4.537,3.213,7.615.568,10.524a2.211,2.211,0,0,0,0,2.948C3.182,16.351,7.507,19.4,11.839,19.4h.308c4.347,0,8.671-3.049,11.288-5.929A2.21,2.21,0,0,0,23.432,10.524ZM7.4,12A4.6,4.6,0,1,1,12,16.6,4.6,4.6,0,0,1,7.4,12Z"
                  />
                  <circle
                    cx="12"
                    cy="12"
                    r="2"
                  />
                </g>
              </svg>
            </a>
          </button>
        </td>
      </tr>
      <tr
        className="css-0"
        role="row"
      >
        <td
          className="css-0"
          role="gridcell"
        >
          6
        </td>
        <td
          className="css-0"
          role="gridcell"
        >
          Sabaragamuwa Province
        </td>
        <td
          className="css-0"
          data-is-numeric={true}
          role="gridcell"
        >
          <button
            className="chakra-button css-5c2176"
            type="button"
          >
            <a
              href="/travelPlan/province/p6"
              onClick={[Function]}
            >
              <svg
                className="chakra-icon css-onkibi"
                focusable={false}
                viewBox="0 0 24 24"
              >
                <g
                  fill="currentColor"
                >
                  <path
                    d="M23.432,10.524C20.787,7.614,16.4,4.538,12,4.6,7.6,4.537,3.213,7.615.568,10.524a2.211,2.211,0,0,0,0,2.948C3.182,16.351,7.507,19.4,11.839,19.4h.308c4.347,0,8.671-3.049,11.288-5.929A2.21,2.21,0,0,0,23.432,10.524ZM7.4,12A4.6,4.6,0,1,1,12,16.6,4.6,4.6,0,0,1,7.4,12Z"
                  />
                  <circle
                    cx="12"
                    cy="12"
                    r="2"
                  />
                </g>
              </svg>
            </a>
          </button>
        </td>
      </tr>
      <tr
        className="css-0"
        role="row"
      >
        <td
          className="css-0"
          role="gridcell"
        >
          7
        </td>
        <td
          className="css-0"
          role="gridcell"
        >
          Eastern Province
        </td>
        <td
          className="css-0"
          data-is-numeric={true}
          role="gridcell"
        >
          <button
            className="chakra-button css-5c2176"
            type="button"
          >
            <a
              href="/travelPlan/province/p7"
              onClick={[Function]}
            >
              <svg
                className="chakra-icon css-onkibi"
                focusable={false}
                viewBox="0 0 24 24"
              >
                <g
                  fill="currentColor"
                >
                  <path
                    d="M23.432,10.524C20.787,7.614,16.4,4.538,12,4.6,7.6,4.537,3.213,7.615.568,10.524a2.211,2.211,0,0,0,0,2.948C3.182,16.351,7.507,19.4,11.839,19.4h.308c4.347,0,8.671-3.049,11.288-5.929A2.21,2.21,0,0,0,23.432,10.524ZM7.4,12A4.6,4.6,0,1,1,12,16.6,4.6,4.6,0,0,1,7.4,12Z"
                  />
                  <circle
                    cx="12"
                    cy="12"
                    r="2"
                  />
                </g>
              </svg>
            </a>
          </button>
        </td>
      </tr>
      <tr
        className="css-0"
        role="row"
      >
        <td
          className="css-0"
          role="gridcell"
        >
          8
        </td>
        <td
          className="css-0"
          role="gridcell"
        >
          Uva Province
        </td>
        <td
          className="css-0"
          data-is-numeric={true}
          role="gridcell"
        >
          <button
            className="chakra-button css-5c2176"
            type="button"
          >
            <a
              href="/travelPlan/province/p8"
              onClick={[Function]}
            >
              <svg
                className="chakra-icon css-onkibi"
                focusable={false}
                viewBox="0 0 24 24"
              >
                <g
                  fill="currentColor"
                >
                  <path
                    d="M23.432,10.524C20.787,7.614,16.4,4.538,12,4.6,7.6,4.537,3.213,7.615.568,10.524a2.211,2.211,0,0,0,0,2.948C3.182,16.351,7.507,19.4,11.839,19.4h.308c4.347,0,8.671-3.049,11.288-5.929A2.21,2.21,0,0,0,23.432,10.524ZM7.4,12A4.6,4.6,0,1,1,12,16.6,4.6,4.6,0,0,1,7.4,12Z"
                  />
                  <circle
                    cx="12"
                    cy="12"
                    r="2"
                  />
                </g>
              </svg>
            </a>
          </button>
        </td>
      </tr>
      <tr
        className="css-0"
        role="row"
      >
        <td
          className="css-0"
          role="gridcell"
        >
          9
        </td>
        <td
          className="css-0"
          role="gridcell"
        >
          Southern Province
        </td>
        <td
          className="css-0"
          data-is-numeric={true}
          role="gridcell"
        >
          <button
            className="chakra-button css-5c2176"
            type="button"
          >
            <a
              href="/travelPlan/province/p9"
              onClick={[Function]}
            >
              <svg
                className="chakra-icon css-onkibi"
                focusable={false}
                viewBox="0 0 24 24"
              >
                <g
                  fill="currentColor"
                >
                  <path
                    d="M23.432,10.524C20.787,7.614,16.4,4.538,12,4.6,7.6,4.537,3.213,7.615.568,10.524a2.211,2.211,0,0,0,0,2.948C3.182,16.351,7.507,19.4,11.839,19.4h.308c4.347,0,8.671-3.049,11.288-5.929A2.21,2.21,0,0,0,23.432,10.524ZM7.4,12A4.6,4.6,0,1,1,12,16.6,4.6,4.6,0,0,1,7.4,12Z"
                  />
                  <circle
                    cx="12"
                    cy="12"
                    r="2"
                  />
                </g>
              </svg>
            </a>
          </button>
        </td>
      </tr>
    </tbody>
  </table>
</div>
`;
