// Jest Snapshot v1, https://goo.gl/fbAQLP

exports[`reset password plans page test should match snapshot 1`] = `
<div
  className="css-9w5vj"
>
  <p
    className="chakra-text css-1tapsqs"
  >
    Reset Password
  </p>
  <input
    className="chakra-input css-0"
    onBlur={[Function]}
    onChange={[Function]}
    onFocus={[Function]}
    placeholder="email"
    type="text"
    value=""
  />
  <button
    className="chakra-button css-1pgfz3"
    data-testid="submit"
    onClick={[Function]}
    type="button"
  >
    reset password
  </button>
</div>
`;
